<html>
<body>
<pre>
<h1>µVision Build Log</h1>
<h2>Tool Versions:</h2>
IDE-Version: µVision V5.36.0.0
Copyright (C) 2021 ARM Ltd and ARM Germany GmbH. All rights reserved.
License Information: Vanessa Scherma Politecnico di Torino Flex license: MDK Professional 5.36 (Flex) (mdk_pro) Operation stops: 10 Mar 2024
 
Tool Versions:
Toolchain:       MDK Professional 5.36 (Flex)  Version: 5.36.0.0
Toolchain Path:  C:\Keil_v5\ARM\ARMCLANG5\Bin
C Compiler:      Armcc.exe V5.06 update 7 (build 960)
Assembler:       Armasm.exe V5.06 update 7 (build 960)
Linker/Locator:  ArmLink.exe V5.06 update 7 (build 960)
Library Manager: ArmAr.exe V5.06 update 7 (build 960)
Hex Converter:   FromElf.exe V5.06 update 7 (build 960)
CPU DLL:         SARMCM3.DLL V5.36.0.0
Dialog DLL:      DARMP1.DLL V1.27.0.0
Target DLL:      UL2CM3.DLL V1.164.0.0
Dialog DLL:      TARMP1.DLL V1.26.0.0
 
<h2>Project:</h2>
C:\Users\vanes\Desktop\Laboratori\extrapoint2\extrapoint2_board\sample.uvprojx
Project File Date:  01/17/2023

<h2>Output:</h2>
*** Using Compiler 'V5.06 update 7 (build 960)', folder: 'C:\Keil_v5\ARM\ARMCLANG5\Bin'
Rebuild target 'Target 1'
assembling startup_LPC17xx.s...
compiling core_cm3.c...
compiling sample.c...
compiling funct_joystick.c...
compiling system_LPC17xx.c...
compiling lib_timer.c...
compiling IRQ_timer.c...
compiling lib_joystick.c...
compiling AsciiLib.c...
compiling totoro-2.c...
GLCD\totoro-2.c(7): warning:  #177-D: variable "TOTORO_ANIMATION_pixel_data"  was declared but never referenced
  static const unsigned char TOTORO_ANIMATION_pixel_data[112 * 123 * 2 + 1] =
GLCD\totoro-2.c: 1 warning, 0 errors
compiling totoro-1.c...
GLCD\totoro-1.c(7): warning:  #177-D: variable "TOTORO_pixel_data"  was declared but never referenced
  static const unsigned char TOTORO_pixel_data[112 * 123 * 2 + 1] =
GLCD\totoro-1.c: 1 warning, 0 errors
compiling ramen.c...
GLCD\ramen.c(7): warning:  #177-D: variable "RAMEN_pixel_data"  was declared but never referenced
  static const unsigned char RAMEN_pixel_data[33 * 26 * 2 + 1] =
GLCD\ramen.c: 1 warning, 0 errors
compiling totoro-eating.c...
GLCD\totoro-eating.c(7): warning:  #177-D: variable "TOTORO_EATING_pixel_data"  was declared but never referenced
  static const unsigned char TOTORO_EATING_pixel_data[106 * 123 * 2 + 1] =
GLCD\totoro-eating.c: 1 warning, 0 errors
compiling sushi.c...
GLCD\sushi.c(7): warning:  #177-D: variable "SUSHI_pixel_data"  was declared but never referenced
  static const unsigned char SUSHI_pixel_data[19 * 18 * 2 + 1] =
GLCD\sushi.c: 1 warning, 0 errors
compiling balloon.c...
GLCD\balloon.c(7): warning:  #177-D: variable "BALLOON_pixel_data"  was declared but never referenced
  static const unsigned char BALLOON_pixel_data[150 * 94 * 2 + 1] =
GLCD\balloon.c: 1 warning, 0 errors
compiling sad-totoro.c...
GLCD\sad-totoro.c(7): warning:  #177-D: variable "SAD_TOTORO_pixel_data"  was declared but never referenced
  static const unsigned char SAD_TOTORO_pixel_data[112 * 123 * 2 + 1] =
GLCD\sad-totoro.c: 1 warning, 0 errors
compiling totoro-cuddles.c...
GLCD\totoro-cuddles.c(7): warning:  #177-D: variable "TOTORO_CUDDLES_pixel_data"  was declared but never referenced
  static const unsigned char TOTORO_CUDDLES_pixel_data[112 * 132 * 2 + 1] =
GLCD\totoro-cuddles.c: 1 warning, 0 errors
compiling volume-max.c...
GLCD\volume-max.c(7): warning:  #177-D: variable "VOLUME_MAX_pixel_data"  was declared but never referenced
  static const unsigned char VOLUME_MAX_pixel_data[26 * 26 * 2 + 1] =
GLCD\volume-max.c: 1 warning, 0 errors
compiling HzLib.c...
compiling IRQ_RIT.c...
compiling lib_RIT.c...
compiling IRQ_adc.c...
compiling lib_adc.c...
compiling TouchPanel.c...
compiling GLCD.c...
linking...
Program Size: Code=40944 RO-data=176360 RW-data=200 ZI-data=680  
".\sample.axf" - 0 Error(s), 9 Warning(s).

<h2>Software Packages used:</h2>

Package Vendor: ARM
                http://www.keil.com/pack/ARM.CMSIS.5.9.0.pack
                ARM.CMSIS.5.9.0
                CMSIS (Common Microcontroller Software Interface Standard)
   * Component: CORE Version: 5.6.0

Package Vendor: Keil
                http://www.keil.com/pack/Keil.LPC1700_DFP.2.7.1.pack
                Keil.LPC1700_DFP.2.7.1
                NXP LPC1700 Series Device Support, Drivers and Examples for MCB1700 and LPC1788-32

<h2>Collection of Component include folders:</h2>
  .\RTE\_Target_1
  C:\Users\vanes\AppData\Local\Arm\Packs\ARM\CMSIS\5.9.0\CMSIS\Core\Include
  C:\Users\vanes\AppData\Local\Arm\Packs\Keil\LPC1700_DFP\2.7.1\Device\Include

<h2>Collection of Component Files used:</h2>

   * Component: ARM::CMSIS:CORE:5.6.0
Build Time Elapsed:  00:00:21
</pre>
</body>
</html>
